// Jest Snapshot v1, https://goo.gl/fbAQLP

exports[`renders greeting 3`] = `
<div>
  <div>
    <main>
      <h1>
        hello
      </h1>
    </main>
  </div>
</div>
`;

exports[`renders greeting 3 1`] = `
<div>
  <div>
    <main>
      <h1>
        hello
      </h1>
    </main>
  </div>
</div>
`;
